Copyright 1986-2022 Xilinx, Inc. All Rights Reserved. Copyright 2022-2023 Advanced Micro Devices, Inc. All Rights Reserved.
---------------------------------------------------------------------------------------------------------------------------------------------
| Tool Version : Vivado v.2023.2 (lin64) Build 4029153 Fri Oct 13 20:13:54 MDT 2023
| Date         : Fixture
| Host         : fixture running 64-bit Linux
| Command      : report_utilization -file qshell-utilization.rpt
| Design       : cyt_top
| Device       : xcu280-fsvh2892-2L-e
| Speed File   : -2L
| Design State : Routed
---------------------------------------------------------------------------------------------------------------------------------------------

Utilization Design Information

1. CLB Logic
------------

+--------------------+--------+-------+------------+-----------+-------+
| Site Type          | Used   | Fixed | Prohibited | Available | Util% |
+--------------------+--------+-------+------------+-----------+-------+
| CLB LUTs           | 175224 | 80070 |          0 |   1303680 | 13.44 |
| CLB Registers      | 236894 | 87173 |          0 |   2607360 |  9.09 |
+--------------------+--------+-------+------------+-----------+-------+

3. BLOCKRAM
-----------

+----------------+------+-------+------------+-----------+-------+
| Site Type      | Used | Fixed | Prohibited | Available | Util% |
+----------------+------+-------+------------+-----------+-------+
| Block RAM Tile |  293 |     0 |          0 |      2016 | 14.53 |
| URAM           |    0 |     0 |          0 |       960 |  0.00 |
+----------------+------+-------+------------+-----------+-------+

4. ARITHMETIC
-------------

+-----------+------+-------+------------+-----------+-------+
| Site Type | Used | Fixed | Prohibited | Available | Util% |
+-----------+------+-------+------------+-----------+-------+
| DSPs      |   64 |     0 |          0 |      9024 |  0.71 |
+-----------+------+-------+------------+-----------+-------+
