Copyright 1986-2022 Xilinx, Inc. All Rights Reserved. Copyright 2022-2025 Advanced Micro Devices, Inc. All Rights Reserved.
---------------------------------------------------------------------------------------------------------------------------------------------
| Tool Version : Vivado v.2025.1 (lin64) Build 6140274 Wed May 21 22:58:25 MDT 2025
| Date         : Fixture
| Host         : fixture running 64-bit Linux
| Command      : report_utilization -file standalone-utilization.rpt
| Design       : cyt_top
| Device       : xcv80-lsva4737-2MHP-e-S
| Speed File   : -2MHP
| Design State : Routed
---------------------------------------------------------------------------------------------------------------------------------------------

Utilization Design Information

1. Netlist Logic
----------------

+---------------+--------+-------+------------+-----------+-------+
| Site Type     | Used   | Fixed | Prohibited | Available | Util% |
+---------------+--------+-------+------------+-----------+-------+
| Registers     | 170000 |  1000 |          0 |   5148416 |  3.30 |
| CLB LUTs      | 110000 |   250 |          0 |   2574208 |  4.27 |
+---------------+--------+-------+------------+-----------+-------+

2. CLB Distribution
-------------------

+---------------+--------+-------+------------+-----------+-------+
| Site Type     | Used   | Fixed | Prohibited | Available | Util% |
+---------------+--------+-------+------------+-----------+-------+
| CLB LUTs      | 110000 |   250 |          0 |   2574208 |  4.27 |
| CLB Registers | 170000 |     0 |          0 |   5148416 |  3.30 |
+---------------+--------+-------+------------+-----------+-------+

3. BLOCKRAM
-----------

+----------------+------+-------+------------+-----------+-------+
| Site Type      | Used | Fixed | Prohibited | Available | Util% |
+----------------+------+-------+------------+-----------+-------+
| Block RAM Tile |  150 |     0 |          0 |      3741 |  4.01 |
| URAM           |    4 |     0 |          0 |      1925 |  0.21 |
+----------------+------+-------+------------+-----------+-------+

4. ARITHMETIC
-------------

+------------+------+-------+------------+-----------+-------+
| Site Type  | Used | Fixed | Prohibited | Available | Util% |
+------------+------+-------+------------+-----------+-------+
| DSP Slices |   16 |     0 |          0 |     10848 |  0.15 |
+------------+------+-------+------------+-----------+-------+
