| Command : report_timing_summary -delay_type min_max -file timing_summary.rpt
Timing Summary Report

------------------------------------------------------------------------------------------------
| Design Timing Summary
| ---------------------
------------------------------------------------------------------------------------------------

    WNS(ns)      TNS(ns)  TNS Failing Endpoints  TNS Total Endpoints      WHS(ns)      THS(ns)  THS Failing Endpoints  THS Total Endpoints
    -------      -------  ---------------------  -------------------      -------      -------  ---------------------  -------------------
       0.125        0.000                      0                  128        0.050        0.000                      0                  128

All user specified timing constraints are met.

------------------------------------------------------------------------------------------------
| Clock Summary
| -------------
------------------------------------------------------------------------------------------------

Clock       Waveform(ns)  Period(ns)  Frequency(MHz)
-----       ------------  ----------  --------------
fixture_clk {0.000 2.000} 4.000       250.000

------------------------------------------------------------------------------------------------
| Intra Clock Table
| -----------------
------------------------------------------------------------------------------------------------

Clock       WNS(ns)  TNS(ns)  TNS Failing Endpoints  TNS Total Endpoints  WHS(ns)  THS(ns)  THS Failing Endpoints  THS Total Endpoints
-----       -------  -------  ---------------------  -------------------  -------  -------  ---------------------  -------------------
fixture_clk 0.125    0.000                        0                  128    0.050    0.000                        0                  128
